thirdparty/boost/boost
thirdparty/boost/lib/linux32/libboost_thread.a
thirdparty/boost/lib/linux32/libboost_filesystem.a
thirdparty/boost/lib/linux32/libboost_program_options.a
thirdparty/boost/lib/linux32/libboost_system.a
thirdparty/boost/lib/linux64/libboost_thread.a
thirdparty/boost/lib/linux64/libboost_filesystem.a
thirdparty/boost/lib/linux64/libboost_program_options.a
thirdparty/boost/lib/linux64/libboost_system.a
thirdparty/boost/lib/ppclinux64/libboost_thread.a
thirdparty/boost/lib/ppclinux64/libboost_filesystem.a
thirdparty/boost/lib/ppclinux64/libboost_program_options.a
thirdparty/boost/lib/ppclinux64/libboost_system.a
thirdparty/boost/lib/win32/libboost_thread-vc100-mt-gd-1_49.lib
thirdparty/boost/lib/win32/libboost_thread-vc100-mt-s-1_49.lib
thirdparty/boost/lib/win32/libboost_filesystem-vc100-mt-gd-1_49.lib
thirdparty/boost/lib/win32/libboost_filesystem-vc100-mt-s-1_49.lib
thirdparty/boost/lib/win32/libboost_program_options-vc100-mt-gd-1_49.lib
thirdparty/boost/lib/win32/libboost_program_options-vc100-mt-s-1_49.lib
thirdparty/boost/lib/win32/libboost_system-vc100-mt-gd-1_49.lib
thirdparty/boost/lib/win32/libboost_system-vc100-mt-s-1_49.lib
thirdparty/boost/lib/win64/libboost_thread-vc100-mt-gd-1_49.lib
thirdparty/boost/lib/win64/libboost_thread-vc100-mt-s-1_49.lib
thirdparty/boost/lib/win64/libboost_filesystem-vc100-mt-gd-1_49.lib
thirdparty/boost/lib/win64/libboost_filesystem-vc100-mt-s-1_49.lib
thirdparty/boost/lib/win64/libboost_program_options-vc100-mt-gd-1_49.lib
thirdparty/boost/lib/win64/libboost_program_options-vc100-mt-s-1_49.lib
thirdparty/boost/lib/win64/libboost_system-vc100-mt-gd-1_49.lib
thirdparty/boost/lib/win64/libboost_system-vc100-mt-s-1_49.lib
client/samples
client/admin/admintpl
conf
thirdparty/crypto/openssl-1.0.1c/include
thirdparty/crypto/openssl-1.0.1c/lib
doc
driver
site_scons
java/jdk_linux32
java/jdk_linux64
java/jdk_ppclinux64
java/jdk_win32
java/jdk_win64
license
misc
thirdparty/parser
thirdparty/php/win32/php-5.4.15
thirdparty/php/linux/php-5.4.6
thirdparty/php/linux/retriConfig.sh
thirdparty/php/linux/forlinux
SequoiaDB
SConstruct
README
NOTICE
GNU-AGPL-3.0.txt
build.py
script/cppkgfiles.sh
script/package.py
script/pkgrpm.sh
